// Vitest Snapshot v1, https://vitest.dev/guide/snapshot.html

exports[`Snapshot test of \`npm pack --dry-run --json\` 1`] = `
[
  {
    "mode": 420,
    "path": "README.md",
  },
  {
    "mode": 420,
    "path": "package.json",
  },
  {
    "mode": 420,
    "path": "schema.verified.graphql",
  },
  {
    "mode": 420,
    "path": "src/index.js",
  },
  {
    "mode": 420,
    "path": "swagger.verified.json",
  },
]
`;
